--------------------------------------------------------------------------------------
Timing Analyzer Summary
--------------------------------------------------------------------------------------

Type           : Worst-case tco
Slack          : N/A
Required Time  : None
Actual Time    : 16.700 ns
From           : Dseg[0]~reg0
To             : Dseg[0]
From Clock     : Switch
To Clock       : --
Failed Paths   : 0

Type           : Clock Setup: 'CLK'
Slack          : N/A
Required Time  : None
Actual Time    : 38.61 MHz ( period = 25.900 ns )
From           : counter[1]
To             : counter[31]
From Clock     : CLK
To Clock       : CLK
Failed Paths   : 0

Type           : Clock Setup: 'Switch'
Slack          : N/A
Required Time  : None
Actual Time    : 44.25 MHz ( period = 22.600 ns )
From           : prev_val[0]
To             : prev_val[1]
From Clock     : Switch
To Clock       : Switch
Failed Paths   : 0

Type           : Total number of failed paths
Slack          : 
Required Time  : 
Actual Time    : 
From           : 
To             : 
From Clock     : 
To Clock       : 
Failed Paths   : 0

--------------------------------------------------------------------------------------

